Archive member included to satisfy reference by file (symbol)

D:\Programy\ARM Embedded\5.2 2015q4\arm-none-eabi\lib\armv7e-m\libc.a(lib_a-memset.o)
                              ..\obj\arm_fir_init_f32.o (memset)
D:\Programy\ARM Embedded\5.2 2015q4\arm-none-eabi\lib\armv7e-m\libm.a(lib_a-w_log10.o)
                              ..\obj\math_helper.o (log10)
D:\Programy\ARM Embedded\5.2 2015q4\arm-none-eabi\lib\armv7e-m\libm.a(lib_a-wf_sqrt.o)
                              ..\obj\arm_cmplx_mag_f32.o (sqrtf)
D:\Programy\ARM Embedded\5.2 2015q4\arm-none-eabi\lib\armv7e-m\libm.a(lib_a-e_log10.o)
                              D:\Programy\ARM Embedded\5.2 2015q4\arm-none-eabi\lib\armv7e-m\libm.a(lib_a-w_log10.o) (__ieee754_log10)
D:\Programy\ARM Embedded\5.2 2015q4\arm-none-eabi\lib\armv7e-m\libm.a(lib_a-ef_sqrt.o)
                              D:\Programy\ARM Embedded\5.2 2015q4\arm-none-eabi\lib\armv7e-m\libm.a(lib_a-wf_sqrt.o) (__ieee754_sqrtf)
D:\Programy\ARM Embedded\5.2 2015q4\arm-none-eabi\lib\armv7e-m\libm.a(lib_a-s_fpclassify.o)
                              D:\Programy\ARM Embedded\5.2 2015q4\arm-none-eabi\lib\armv7e-m\libm.a(lib_a-w_log10.o) (__fpclassifyd)
D:\Programy\ARM Embedded\5.2 2015q4\arm-none-eabi\lib\armv7e-m\libm.a(lib_a-s_lib_ver.o)
                              D:\Programy\ARM Embedded\5.2 2015q4\arm-none-eabi\lib\armv7e-m\libm.a(lib_a-w_log10.o) (__fdlib_version)
D:\Programy\ARM Embedded\5.2 2015q4\arm-none-eabi\lib\armv7e-m\libm.a(lib_a-s_matherr.o)
                              D:\Programy\ARM Embedded\5.2 2015q4\arm-none-eabi\lib\armv7e-m\libm.a(lib_a-w_log10.o) (matherr)
D:\Programy\ARM Embedded\5.2 2015q4\arm-none-eabi\lib\armv7e-m\libm.a(lib_a-s_nan.o)
                              D:\Programy\ARM Embedded\5.2 2015q4\arm-none-eabi\lib\armv7e-m\libm.a(lib_a-w_log10.o) (nan)
D:\Programy\ARM Embedded\5.2 2015q4\arm-none-eabi\lib\armv7e-m\libm.a(lib_a-sf_fpclassify.o)
                              D:\Programy\ARM Embedded\5.2 2015q4\arm-none-eabi\lib\armv7e-m\libm.a(lib_a-wf_sqrt.o) (__fpclassifyf)
D:\Programy\ARM Embedded\5.2 2015q4\arm-none-eabi\lib\armv7e-m\libm.a(lib_a-e_log.o)
                              D:\Programy\ARM Embedded\5.2 2015q4\arm-none-eabi\lib\armv7e-m\libm.a(lib_a-e_log10.o) (__ieee754_log)
d:/programy/arm embedded/5.2 2015q4/bin/../lib/gcc/arm-none-eabi/5.2.1/armv7e-m\libgcc.a(_arm_addsubdf3.o)
                              D:\Programy\ARM Embedded\5.2 2015q4\arm-none-eabi\lib\armv7e-m\libm.a(lib_a-e_log10.o) (__aeabi_dsub)
d:/programy/arm embedded/5.2 2015q4/bin/../lib/gcc/arm-none-eabi/5.2.1/armv7e-m\libgcc.a(_arm_muldivdf3.o)
                              ..\obj\math_helper.o (__aeabi_dmul)
d:/programy/arm embedded/5.2 2015q4/bin/../lib/gcc/arm-none-eabi/5.2.1/armv7e-m\libgcc.a(_arm_cmpdf2.o)
                              D:\Programy\ARM Embedded\5.2 2015q4\arm-none-eabi\lib\armv7e-m\libm.a(lib_a-w_log10.o) (__aeabi_dcmpeq)
d:/programy/arm embedded/5.2 2015q4/bin/../lib/gcc/arm-none-eabi/5.2.1/armv7e-m\libgcc.a(_arm_fixdfsi.o)
                              ..\obj\math_helper.o (__aeabi_d2iz)
d:/programy/arm embedded/5.2 2015q4/bin/../lib/gcc/arm-none-eabi/5.2.1/armv7e-m\libgcc.a(_arm_truncdfsf2.o)
                              ..\obj\math_helper.o (__aeabi_d2f)
d:/programy/arm embedded/5.2 2015q4/bin/../lib/gcc/arm-none-eabi/5.2.1/armv7e-m\libgcc.a(_arm_addsubsf3.o)
                              ..\obj\arm_cfft_radix4_f32.o (__aeabi_fsub)
d:/programy/arm embedded/5.2 2015q4/bin/../lib/gcc/arm-none-eabi/5.2.1/armv7e-m\libgcc.a(_arm_muldivsf3.o)
                              ..\obj\arm_cfft_radix4_f32.o (__aeabi_fmul)
d:/programy/arm embedded/5.2 2015q4/bin/../lib/gcc/arm-none-eabi/5.2.1/armv7e-m\libgcc.a(_arm_cmpsf2.o)
                              ..\obj\math_helper.o (__aeabi_fcmpeq)
d:/programy/arm embedded/5.2 2015q4/bin/../lib/gcc/arm-none-eabi/5.2.1/armv7e-m\libgcc.a(_arm_fixsfsi.o)
                              ..\obj\math_helper.o (__aeabi_f2iz)
d:/programy/arm embedded/5.2 2015q4/bin/../lib/gcc/arm-none-eabi/5.2.1/armv7e-m\libgcc.a(_arm_fixunssfsi.o)
                              ..\obj\arm_sin_f32.o (__aeabi_f2uiz)
D:\Programy\ARM Embedded\5.2 2015q4\arm-none-eabi\lib\armv7e-m\libg.a(lib_a-errno.o)
                              D:\Programy\ARM Embedded\5.2 2015q4\arm-none-eabi\lib\armv7e-m\libm.a(lib_a-w_log10.o) (__errno)
D:\Programy\ARM Embedded\5.2 2015q4\arm-none-eabi\lib\armv7e-m\libg.a(lib_a-impure.o)
                              D:\Programy\ARM Embedded\5.2 2015q4\arm-none-eabi\lib\armv7e-m\libg.a(lib_a-errno.o) (_impure_ptr)

Allocating common symbols
Common symbol       size              file

testInput           0x9c40            ..\obj\main.o
testOutput          0x9c40            ..\obj\main.o
refOutput           0x13880           ..\obj\main.o

Discarded input sections

 .text          0x00000000        0x0 ..\obj\arm_cfft_radix4_f32.o
 .data          0x00000000        0x0 ..\obj\arm_cfft_radix4_f32.o
 .bss           0x00000000        0x0 ..\obj\arm_cfft_radix4_f32.o
 .text.arm_cfft_radix4_f32
                0x00000000       0x64 ..\obj\arm_cfft_radix4_f32.o
 .text.arm_radix4_butterfly_f32
                0x00000000      0x890 ..\obj\arm_cfft_radix4_f32.o
 .text.arm_radix4_butterfly_inverse_f32
                0x00000000      0x8e4 ..\obj\arm_cfft_radix4_f32.o
 .text.arm_bitreversal_f32
                0x00000000      0x1b8 ..\obj\arm_cfft_radix4_f32.o
 .debug_info    0x00000000      0x57c ..\obj\arm_cfft_radix4_f32.o
 .debug_abbrev  0x00000000      0x114 ..\obj\arm_cfft_radix4_f32.o
 .debug_aranges
                0x00000000       0x38 ..\obj\arm_cfft_radix4_f32.o
 .debug_ranges  0x00000000       0x28 ..\obj\arm_cfft_radix4_f32.o
 .debug_line    0x00000000      0x6a2 ..\obj\arm_cfft_radix4_f32.o
 .debug_str     0x00000000      0x30a ..\obj\arm_cfft_radix4_f32.o
 .comment       0x00000000       0x6f ..\obj\arm_cfft_radix4_f32.o
 .debug_frame   0x00000000       0xb4 ..\obj\arm_cfft_radix4_f32.o
 .ARM.attributes
                0x00000000       0x33 ..\obj\arm_cfft_radix4_f32.o
 .text          0x00000000        0x0 ..\obj\arm_common_tables.o
 .data          0x00000000        0x0 ..\obj\arm_common_tables.o
 .bss           0x00000000        0x0 ..\obj\arm_common_tables.o
 .rodata        0x00000000      0x380 ..\obj\arm_common_tables.o
 .debug_info    0x00000000      0x14f ..\obj\arm_common_tables.o
 .debug_abbrev  0x00000000       0x68 ..\obj\arm_common_tables.o
 .debug_aranges
                0x00000000       0x18 ..\obj\arm_common_tables.o
 .debug_line    0x00000000      0x1b1 ..\obj\arm_common_tables.o
 .debug_str     0x00000000      0x221 ..\obj\arm_common_tables.o
 .comment       0x00000000       0x6f ..\obj\arm_common_tables.o
 .ARM.attributes
                0x00000000       0x33 ..\obj\arm_common_tables.o
 .text          0x00000000        0x0 ..\obj\arm_rfft_f32.o
 .data          0x00000000        0x0 ..\obj\arm_rfft_f32.o
 .bss           0x00000000        0x0 ..\obj\arm_rfft_f32.o
 .text.arm_rfft_f32
                0x00000000       0xc8 ..\obj\arm_rfft_f32.o
 .text.arm_split_rfft_f32
                0x00000000      0x1ec ..\obj\arm_rfft_f32.o
 .text.arm_split_rifft_f32
                0x00000000      0x144 ..\obj\arm_rfft_f32.o
 .debug_info    0x00000000      0x451 ..\obj\arm_rfft_f32.o
 .debug_abbrev  0x00000000       0xfa ..\obj\arm_rfft_f32.o
 .debug_aranges
                0x00000000       0x30 ..\obj\arm_rfft_f32.o
 .debug_ranges  0x00000000       0x20 ..\obj\arm_rfft_f32.o
 .debug_line    0x00000000      0x236 ..\obj\arm_rfft_f32.o
 .debug_str     0x00000000      0x389 ..\obj\arm_rfft_f32.o
 .comment       0x00000000       0x6f ..\obj\arm_rfft_f32.o
 .debug_frame   0x00000000       0x84 ..\obj\arm_rfft_f32.o
 .ARM.attributes
                0x00000000       0x33 ..\obj\arm_rfft_f32.o
 .text          0x00000000        0x0 ..\obj\DAC.o
 .data          0x00000000        0x0 ..\obj\DAC.o
 .bss           0x00000000        0x0 ..\obj\DAC.o
 .text          0x00000000        0x0 ..\obj\stm32f4xx_dac.o
 .data          0x00000000        0x0 ..\obj\stm32f4xx_dac.o
 .bss           0x00000000        0x0 ..\obj\stm32f4xx_dac.o
 .text.DAC_DeInit
                0x00000000       0x1c ..\obj\stm32f4xx_dac.o
 .text.DAC_StructInit
                0x00000000       0x2c ..\obj\stm32f4xx_dac.o
 .text.DAC_SoftwareTriggerCmd
                0x00000000       0x4c ..\obj\stm32f4xx_dac.o
 .text.DAC_DualSoftwareTriggerCmd
                0x00000000       0x38 ..\obj\stm32f4xx_dac.o
 .text.DAC_WaveGenerationCmd
                0x00000000       0x4c ..\obj\stm32f4xx_dac.o
 .text.DAC_SetChannel1Data
                0x00000000       0x34 ..\obj\stm32f4xx_dac.o
 .text.DAC_SetChannel2Data
                0x00000000       0x34 ..\obj\stm32f4xx_dac.o
 .text.DAC_SetDualChannelData
                0x00000000       0x58 ..\obj\stm32f4xx_dac.o
 .text.DAC_GetDataOutputValue
                0x00000000       0x30 ..\obj\stm32f4xx_dac.o
 .text.DAC_ITConfig
                0x00000000       0x4c ..\obj\stm32f4xx_dac.o
 .text.DAC_GetFlagStatus
                0x00000000       0x3c ..\obj\stm32f4xx_dac.o
 .text.DAC_ClearFlag
                0x00000000       0x24 ..\obj\stm32f4xx_dac.o
 .text.DAC_GetITStatus
                0x00000000       0x54 ..\obj\stm32f4xx_dac.o
 .text.DAC_ClearITPendingBit
                0x00000000       0x24 ..\obj\stm32f4xx_dac.o
 .text          0x00000000        0x0 ..\obj\startup_stm32f4xx.o
 .data          0x00000000        0x0 ..\obj\startup_stm32f4xx.o
 .bss           0x00000000        0x0 ..\obj\startup_stm32f4xx.o
 .text          0x00000000        0x0 ..\obj\main.o
 .data          0x00000000        0x0 ..\obj\main.o
 .bss           0x00000000        0x0 ..\obj\main.o
 .text          0x00000000        0x0 ..\obj\stm32f4xx_rcc.o
 .data          0x00000000       0x10 ..\obj\stm32f4xx_rcc.o
 .bss           0x00000000        0x0 ..\obj\stm32f4xx_rcc.o
 .text.RCC_DeInit
                0x00000000       0x50 ..\obj\stm32f4xx_rcc.o
 .text.RCC_HSEConfig
                0x00000000       0x24 ..\obj\stm32f4xx_rcc.o
 .text.RCC_WaitForHSEStartUp
                0x00000000       0x50 ..\obj\stm32f4xx_rcc.o
 .text.RCC_AdjustHSICalibrationValue
                0x00000000       0x3c ..\obj\stm32f4xx_rcc.o
 .text.RCC_HSICmd
                0x00000000       0x20 ..\obj\stm32f4xx_rcc.o
 .text.RCC_LSEConfig
                0x00000000       0x40 ..\obj\stm32f4xx_rcc.o
 .text.RCC_LSICmd
                0x00000000       0x20 ..\obj\stm32f4xx_rcc.o
 .text.RCC_PLLConfig
                0x00000000       0x3c ..\obj\stm32f4xx_rcc.o
 .text.RCC_PLLCmd
                0x00000000       0x20 ..\obj\stm32f4xx_rcc.o
 .text.RCC_PLLI2SConfig
                0x00000000       0x28 ..\obj\stm32f4xx_rcc.o
 .text.RCC_PLLI2SCmd
                0x00000000       0x20 ..\obj\stm32f4xx_rcc.o
 .text.RCC_ClockSecuritySystemCmd
                0x00000000       0x20 ..\obj\stm32f4xx_rcc.o
 .text.RCC_MCO1Config
                0x00000000       0x3c ..\obj\stm32f4xx_rcc.o
 .text.RCC_MCO2Config
                0x00000000       0x3c ..\obj\stm32f4xx_rcc.o
 .text.RCC_SYSCLKConfig
                0x00000000       0x38 ..\obj\stm32f4xx_rcc.o
 .text.RCC_GetSYSCLKSource
                0x00000000       0x1c ..\obj\stm32f4xx_rcc.o
 .text.RCC_HCLKConfig
                0x00000000       0x38 ..\obj\stm32f4xx_rcc.o
 .text.RCC_PCLK1Config
                0x00000000       0x38 ..\obj\stm32f4xx_rcc.o
 .text.RCC_PCLK2Config
                0x00000000       0x38 ..\obj\stm32f4xx_rcc.o
 .text.RCC_GetClocksFreq
                0x00000000      0x154 ..\obj\stm32f4xx_rcc.o
 .text.RCC_RTCCLKConfig
                0x00000000       0x5c ..\obj\stm32f4xx_rcc.o
 .text.RCC_RTCCLKCmd
                0x00000000       0x20 ..\obj\stm32f4xx_rcc.o
 .text.RCC_BackupResetCmd
                0x00000000       0x20 ..\obj\stm32f4xx_rcc.o
 .text.RCC_I2SCLKConfig
                0x00000000       0x1c ..\obj\stm32f4xx_rcc.o
 .text.RCC_AHB2PeriphClockCmd
                0x00000000       0x3c ..\obj\stm32f4xx_rcc.o
 .text.RCC_AHB3PeriphClockCmd
                0x00000000       0x3c ..\obj\stm32f4xx_rcc.o
 .text.RCC_AHB1PeriphResetCmd
                0x00000000       0x3c ..\obj\stm32f4xx_rcc.o
 .text.RCC_AHB2PeriphResetCmd
                0x00000000       0x3c ..\obj\stm32f4xx_rcc.o
 .text.RCC_AHB3PeriphResetCmd
                0x00000000       0x3c ..\obj\stm32f4xx_rcc.o
 .text.RCC_APB1PeriphResetCmd
                0x00000000       0x3c ..\obj\stm32f4xx_rcc.o
 .text.RCC_APB2PeriphResetCmd
                0x00000000       0x3c ..\obj\stm32f4xx_rcc.o
 .text.RCC_AHB1PeriphClockLPModeCmd
                0x00000000       0x3c ..\obj\stm32f4xx_rcc.o
 .text.RCC_AHB2PeriphClockLPModeCmd
                0x00000000       0x3c ..\obj\stm32f4xx_rcc.o
 .text.RCC_AHB3PeriphClockLPModeCmd
                0x00000000       0x3c ..\obj\stm32f4xx_rcc.o
 .text.RCC_APB1PeriphClockLPModeCmd
                0x00000000       0x3c ..\obj\stm32f4xx_rcc.o
 .text.RCC_APB2PeriphClockLPModeCmd
                0x00000000       0x3c ..\obj\stm32f4xx_rcc.o
 .text.RCC_ITConfig
                0x00000000       0x4c ..\obj\stm32f4xx_rcc.o
 .text.RCC_GetFlagStatus
                0x00000000       0x74 ..\obj\stm32f4xx_rcc.o
 .text.RCC_ClearFlag
                0x00000000       0x1c ..\obj\stm32f4xx_rcc.o
 .text.RCC_GetITStatus
                0x00000000       0x34 ..\obj\stm32f4xx_rcc.o
 .text.RCC_ClearITPendingBit
                0x00000000       0x20 ..\obj\stm32f4xx_rcc.o
 .text          0x00000000        0x0 ..\obj\arm_rfft_init_f32.o
 .data          0x00000000        0x0 ..\obj\arm_rfft_init_f32.o
 .bss           0x00000000        0x0 ..\obj\arm_rfft_init_f32.o
 .rodata        0x00000000     0x4000 ..\obj\arm_rfft_init_f32.o
 .text.arm_rfft_init_f32
                0x00000000       0xbc ..\obj\arm_rfft_init_f32.o
 .debug_info    0x00000000      0x2e2 ..\obj\arm_rfft_init_f32.o
 .debug_abbrev  0x00000000       0xf9 ..\obj\arm_rfft_init_f32.o
 .debug_aranges
                0x00000000       0x20 ..\obj\arm_rfft_init_f32.o
 .debug_ranges  0x00000000       0x10 ..\obj\arm_rfft_init_f32.o
 .debug_line    0x00000000      0x1dd ..\obj\arm_rfft_init_f32.o
 .debug_str     0x00000000      0x3b8 ..\obj\arm_rfft_init_f32.o
 .comment       0x00000000       0x6f ..\obj\arm_rfft_init_f32.o
 .debug_frame   0x00000000       0x34 ..\obj\arm_rfft_init_f32.o
 .ARM.attributes
                0x00000000       0x33 ..\obj\arm_rfft_init_f32.o
 .text          0x00000000        0x0 ..\obj\ADC.o
 .data          0x00000000        0x0 ..\obj\ADC.o
 .bss           0x00000000        0x0 ..\obj\ADC.o
 .text          0x00000000        0x0 ..\obj\stm32f4xx_adc.o
 .data          0x00000000        0x0 ..\obj\stm32f4xx_adc.o
 .bss           0x00000000        0x0 ..\obj\stm32f4xx_adc.o
 .text.ADC_DeInit
                0x00000000       0x1c ..\obj\stm32f4xx_adc.o
 .text.ADC_StructInit
                0x00000000       0x3c ..\obj\stm32f4xx_adc.o
 .text.ADC_CommonStructInit
                0x00000000       0x2c ..\obj\stm32f4xx_adc.o
 .text.ADC_AnalogWatchdogCmd
                0x00000000       0x38 ..\obj\stm32f4xx_adc.o
 .text.ADC_AnalogWatchdogThresholdsConfig
                0x00000000       0x28 ..\obj\stm32f4xx_adc.o
 .text.ADC_AnalogWatchdogSingleChannelConfig
                0x00000000       0x38 ..\obj\stm32f4xx_adc.o
 .text.ADC_TempSensorVrefintCmd
                0x00000000       0x38 ..\obj\stm32f4xx_adc.o
 .text.ADC_VBATCmd
                0x00000000       0x38 ..\obj\stm32f4xx_adc.o
 .text.ADC_SoftwareStartConv
                0x00000000       0x20 ..\obj\stm32f4xx_adc.o
 .text.ADC_GetSoftwareStartConvStatus
                0x00000000       0x30 ..\obj\stm32f4xx_adc.o
 .text.ADC_EOCOnEachRegularChannelCmd
                0x00000000       0x38 ..\obj\stm32f4xx_adc.o
 .text.ADC_ContinuousModeCmd
                0x00000000       0x38 ..\obj\stm32f4xx_adc.o
 .text.ADC_DiscModeChannelCountConfig
                0x00000000       0x44 ..\obj\stm32f4xx_adc.o
 .text.ADC_DiscModeCmd
                0x00000000       0x38 ..\obj\stm32f4xx_adc.o
 .text.ADC_GetConversionValue
                0x00000000       0x18 ..\obj\stm32f4xx_adc.o
 .text.ADC_GetMultiModeConversionValue
                0x00000000       0x14 ..\obj\stm32f4xx_adc.o
 .text.ADC_MultiModeDMARequestAfterLastTransferCmd
                0x00000000       0x38 ..\obj\stm32f4xx_adc.o
 .text.ADC_InjectedChannelConfig
                0x00000000      0x120 ..\obj\stm32f4xx_adc.o
 .text.ADC_InjectedSequencerLengthConfig
                0x00000000       0x44 ..\obj\stm32f4xx_adc.o
 .text.ADC_SetInjectedOffset
                0x00000000       0x34 ..\obj\stm32f4xx_adc.o
 .text.ADC_ExternalTrigInjectedConvConfig
                0x00000000       0x34 ..\obj\stm32f4xx_adc.o
 .text.ADC_ExternalTrigInjectedConvEdgeConfig
                0x00000000       0x34 ..\obj\stm32f4xx_adc.o
 .text.ADC_SoftwareStartInjectedConv
                0x00000000       0x20 ..\obj\stm32f4xx_adc.o
 .text.ADC_GetSoftwareStartInjectedConvCmdStatus
                0x00000000       0x30 ..\obj\stm32f4xx_adc.o
 .text.ADC_AutoInjectedConvCmd
                0x00000000       0x38 ..\obj\stm32f4xx_adc.o
 .text.ADC_InjectedDiscModeCmd
                0x00000000       0x38 ..\obj\stm32f4xx_adc.o
 .text.ADC_GetInjectedConversionValue
                0x00000000       0x30 ..\obj\stm32f4xx_adc.o
 .text.ADC_ITConfig
                0x00000000       0x50 ..\obj\stm32f4xx_adc.o
 .text.ADC_GetFlagStatus
                0x00000000       0x34 ..\obj\stm32f4xx_adc.o
 .text.ADC_ClearFlag
                0x00000000       0x20 ..\obj\stm32f4xx_adc.o
 .text.ADC_GetITStatus
                0x00000000       0x5c ..\obj\stm32f4xx_adc.o
 .text.ADC_ClearITPendingBit
                0x00000000       0x2c ..\obj\stm32f4xx_adc.o
 .text          0x00000000        0x0 ..\obj\arm_fir_init_f32.o
 .data          0x00000000        0x0 ..\obj\arm_fir_init_f32.o
 .bss           0x00000000        0x0 ..\obj\arm_fir_init_f32.o
 .text.arm_fir_init_f32
                0x00000000       0x44 ..\obj\arm_fir_init_f32.o
 .debug_info    0x00000000      0x166 ..\obj\arm_fir_init_f32.o
 .debug_abbrev  0x00000000       0x9f ..\obj\arm_fir_init_f32.o
 .debug_aranges
                0x00000000       0x20 ..\obj\arm_fir_init_f32.o
 .debug_ranges  0x00000000       0x10 ..\obj\arm_fir_init_f32.o
 .debug_line    0x00000000      0x1d2 ..\obj\arm_fir_init_f32.o
 .debug_str     0x00000000      0x231 ..\obj\arm_fir_init_f32.o
 .comment       0x00000000       0x6f ..\obj\arm_fir_init_f32.o
 .debug_frame   0x00000000       0x34 ..\obj\arm_fir_init_f32.o
 .ARM.attributes
                0x00000000       0x33 ..\obj\arm_fir_init_f32.o
 .text          0x00000000        0x0 ..\obj\arm_cmplx_mag_f32.o
 .data          0x00000000        0x0 ..\obj\arm_cmplx_mag_f32.o
 .bss           0x00000000        0x0 ..\obj\arm_cmplx_mag_f32.o
 .text.arm_sqrt_f32
                0x00000000       0x40 ..\obj\arm_cmplx_mag_f32.o
 .text.arm_cmplx_mag_f32
                0x00000000      0x18c ..\obj\arm_cmplx_mag_f32.o
 .debug_info    0x00000000      0x195 ..\obj\arm_cmplx_mag_f32.o
 .debug_abbrev  0x00000000       0xda ..\obj\arm_cmplx_mag_f32.o
 .debug_aranges
                0x00000000       0x28 ..\obj\arm_cmplx_mag_f32.o
 .debug_ranges  0x00000000       0x18 ..\obj\arm_cmplx_mag_f32.o
 .debug_line    0x00000000      0x208 ..\obj\arm_cmplx_mag_f32.o
 .debug_str     0x00000000      0x2b9 ..\obj\arm_cmplx_mag_f32.o
 .comment       0x00000000       0x6f ..\obj\arm_cmplx_mag_f32.o
 .debug_frame   0x00000000       0x5c ..\obj\arm_cmplx_mag_f32.o
 .ARM.attributes
                0x00000000       0x33 ..\obj\arm_cmplx_mag_f32.o
 .text          0x00000000        0x0 ..\obj\arm_fir_f32.o
 .data          0x00000000        0x0 ..\obj\arm_fir_f32.o
 .bss           0x00000000        0x0 ..\obj\arm_fir_f32.o
 .text.arm_fir_f32
                0x00000000      0xb8c ..\obj\arm_fir_f32.o
 .debug_info    0x00000000      0x363 ..\obj\arm_fir_f32.o
 .debug_abbrev  0x00000000       0xc4 ..\obj\arm_fir_f32.o
 .debug_aranges
                0x00000000       0x20 ..\obj\arm_fir_f32.o
 .debug_ranges  0x00000000       0x10 ..\obj\arm_fir_f32.o
 .debug_line    0x00000000      0x2e7 ..\obj\arm_fir_f32.o
 .debug_str     0x00000000      0x273 ..\obj\arm_fir_f32.o
 .comment       0x00000000       0x6f ..\obj\arm_fir_f32.o
 .debug_frame   0x00000000       0x38 ..\obj\arm_fir_f32.o
 .ARM.attributes
                0x00000000       0x33 ..\obj\arm_fir_f32.o
 .text          0x00000000        0x0 ..\obj\stm32f4xx_gpio.o
 .data          0x00000000        0x0 ..\obj\stm32f4xx_gpio.o
 .bss           0x00000000        0x0 ..\obj\stm32f4xx_gpio.o
 .text.GPIO_DeInit
                0x00000000      0x120 ..\obj\stm32f4xx_gpio.o
 .text.GPIO_StructInit
                0x00000000       0x34 ..\obj\stm32f4xx_gpio.o
 .text.GPIO_PinLockConfig
                0x00000000       0x44 ..\obj\stm32f4xx_gpio.o
 .text.GPIO_ReadInputDataBit
                0x00000000       0x34 ..\obj\stm32f4xx_gpio.o
 .text.GPIO_ReadInputData
                0x00000000       0x18 ..\obj\stm32f4xx_gpio.o
 .text.GPIO_ReadOutputDataBit
                0x00000000       0x34 ..\obj\stm32f4xx_gpio.o
 .text.GPIO_ReadOutputData
                0x00000000       0x18 ..\obj\stm32f4xx_gpio.o
 .text.GPIO_SetBits
                0x00000000       0x1c ..\obj\stm32f4xx_gpio.o
 .text.GPIO_ResetBits
                0x00000000       0x1c ..\obj\stm32f4xx_gpio.o
 .text.GPIO_WriteBit
                0x00000000       0x30 ..\obj\stm32f4xx_gpio.o
 .text.GPIO_Write
                0x00000000       0x1c ..\obj\stm32f4xx_gpio.o
 .text.GPIO_ToggleBits
                0x00000000       0x24 ..\obj\stm32f4xx_gpio.o
 .text.GPIO_PinAFConfig
                0x00000000       0x90 ..\obj\stm32f4xx_gpio.o
 .text          0x00000000        0x0 ..\obj\system_stm32f4xx.o
 .data          0x00000000       0x14 ..\obj\system_stm32f4xx.o
 .bss           0x00000000        0x0 ..\obj\system_stm32f4xx.o
 .text.SystemCoreClockUpdate
                0x00000000       0xf8 ..\obj\system_stm32f4xx.o
 .text          0x00000000        0x0 ..\obj\syscalls.o
 .data          0x00000000        0x0 ..\obj\syscalls.o
 .bss           0x00000000        0x4 ..\obj\syscalls.o
 .text._sbrk    0x00000000       0x3c ..\obj\syscalls.o
 .text.link     0x00000000       0x18 ..\obj\syscalls.o
 .text._close   0x00000000       0x18 ..\obj\syscalls.o
 .text._fstat   0x00000000       0x20 ..\obj\syscalls.o
 .text._isatty  0x00000000       0x14 ..\obj\syscalls.o
 .text._lseek   0x00000000       0x18 ..\obj\syscalls.o
 .text._read    0x00000000       0x18 ..\obj\syscalls.o
 .text._write   0x00000000       0x18 ..\obj\syscalls.o
 .text.abort    0x00000000        0x8 ..\obj\syscalls.o
 .debug_info    0x00000000      0x3f5 ..\obj\syscalls.o
 .debug_abbrev  0x00000000       0xe5 ..\obj\syscalls.o
 .debug_aranges
                0x00000000       0x60 ..\obj\syscalls.o
 .debug_ranges  0x00000000       0x50 ..\obj\syscalls.o
 .debug_line    0x00000000      0x179 ..\obj\syscalls.o
 .debug_str     0x00000000      0x2ea ..\obj\syscalls.o
 .comment       0x00000000       0x6f ..\obj\syscalls.o
 .debug_frame   0x00000000      0x168 ..\obj\syscalls.o
 .ARM.attributes
                0x00000000       0x33 ..\obj\syscalls.o
 .text          0x00000000        0x0 ..\obj\stm32f4xx_dma.o
 .data          0x00000000        0x0 ..\obj\stm32f4xx_dma.o
 .bss           0x00000000        0x0 ..\obj\stm32f4xx_dma.o
 .text.DMA_StructInit
                0x00000000       0x6c ..\obj\stm32f4xx_dma.o
 .text.DMA_PeriphIncOffsetSizeConfig
                0x00000000       0x34 ..\obj\stm32f4xx_dma.o
 .text.DMA_FlowControllerConfig
                0x00000000       0x34 ..\obj\stm32f4xx_dma.o
 .text.DMA_SetCurrDataCounter
                0x00000000       0x1c ..\obj\stm32f4xx_dma.o
 .text.DMA_GetCurrDataCounter
                0x00000000       0x18 ..\obj\stm32f4xx_dma.o
 .text.DMA_DoubleBufferModeConfig
                0x00000000       0x3c ..\obj\stm32f4xx_dma.o
 .text.DMA_DoubleBufferModeCmd
                0x00000000       0x38 ..\obj\stm32f4xx_dma.o
 .text.DMA_MemoryTargetConfig
                0x00000000       0x2c ..\obj\stm32f4xx_dma.o
 .text.DMA_GetCurrentMemoryTarget
                0x00000000       0x30 ..\obj\stm32f4xx_dma.o
 .text.DMA_GetCmdStatus
                0x00000000       0x30 ..\obj\stm32f4xx_dma.o
 .text.DMA_GetFIFOStatus
                0x00000000       0x24 ..\obj\stm32f4xx_dma.o
 .text.DMA_GetFlagStatus
                0x00000000       0x74 ..\obj\stm32f4xx_dma.o
 .text.DMA_ClearFlag
                0x00000000       0x5c ..\obj\stm32f4xx_dma.o
 .text.DMA_ITConfig
                0x00000000       0x74 ..\obj\stm32f4xx_dma.o
 .text.DMA_GetITStatus
                0x00000000       0xac ..\obj\stm32f4xx_dma.o
 .text.DMA_ClearITPendingBit
                0x00000000       0x5c ..\obj\stm32f4xx_dma.o
 .text          0x00000000        0x0 ..\obj\math_helper.o
 .data          0x00000000        0x0 ..\obj\math_helper.o
 .bss           0x00000000        0x0 ..\obj\math_helper.o
 .text.arm_snr_f32
                0x00000000      0x148 ..\obj\math_helper.o
 .text.arm_provide_guard_bits_q15
                0x00000000       0x48 ..\obj\math_helper.o
 .text.arm_float_to_q12_20
                0x00000000       0xe8 ..\obj\math_helper.o
 .text.arm_compare_fixed_q15
                0x00000000       0x68 ..\obj\math_helper.o
 .text.arm_compare_fixed_q31
                0x00000000       0x64 ..\obj\math_helper.o
 .text.arm_provide_guard_bits_q31
                0x00000000       0x44 ..\obj\math_helper.o
 .text.arm_provide_guard_bits_q7
                0x00000000       0x44 ..\obj\math_helper.o
 .text.arm_calc_guard_bits
                0x00000000       0x3c ..\obj\math_helper.o
 .text.arm_apply_guard_bits
                0x00000000       0x58 ..\obj\math_helper.o
 .text.arm_calc_2pow
                0x00000000       0x34 ..\obj\math_helper.o
 .text.arm_float_to_q14
                0x00000000       0xec ..\obj\math_helper.o
 .text.arm_float_to_q30
                0x00000000       0xe4 ..\obj\math_helper.o
 .text.arm_float_to_q29
                0x00000000       0xe4 ..\obj\math_helper.o
 .text.arm_float_to_q28
                0x00000000       0xe4 ..\obj\math_helper.o
 .text.arm_clip_f32
                0x00000000       0x78 ..\obj\math_helper.o
 .debug_info    0x00000000      0x64e ..\obj\math_helper.o
 .debug_abbrev  0x00000000      0x16e ..\obj\math_helper.o
 .debug_aranges
                0x00000000       0x90 ..\obj\math_helper.o
 .debug_ranges  0x00000000       0x80 ..\obj\math_helper.o
 .debug_line    0x00000000      0x470 ..\obj\math_helper.o
 .debug_str     0x00000000      0x3cc ..\obj\math_helper.o
 .comment       0x00000000       0x6f ..\obj\math_helper.o
 .debug_frame   0x00000000      0x278 ..\obj\math_helper.o
 .ARM.attributes
                0x00000000       0x33 ..\obj\math_helper.o
 .text          0x00000000        0x0 ..\obj\arm_sin_f32.o
 .data          0x00000000        0x0 ..\obj\arm_sin_f32.o
 .bss           0x00000000        0x0 ..\obj\arm_sin_f32.o
 .rodata        0x00000000      0x40c ..\obj\arm_sin_f32.o
 .text.arm_sin_f32
                0x00000000      0x264 ..\obj\arm_sin_f32.o
 .debug_info    0x00000000      0x1dd ..\obj\arm_sin_f32.o
 .debug_abbrev  0x00000000       0xad ..\obj\arm_sin_f32.o
 .debug_aranges
                0x00000000       0x20 ..\obj\arm_sin_f32.o
 .debug_ranges  0x00000000       0x10 ..\obj\arm_sin_f32.o
 .debug_line    0x00000000      0x1e1 ..\obj\arm_sin_f32.o
 .debug_str     0x00000000      0x216 ..\obj\arm_sin_f32.o
 .comment       0x00000000       0x6f ..\obj\arm_sin_f32.o
 .debug_frame   0x00000000       0x3c ..\obj\arm_sin_f32.o
 .ARM.attributes
                0x00000000       0x33 ..\obj\arm_sin_f32.o
 .text          0x00000000        0x0 ..\obj\arm_max_f32.o
 .data          0x00000000        0x0 ..\obj\arm_max_f32.o
 .bss           0x00000000        0x0 ..\obj\arm_max_f32.o
 .text.arm_max_f32
                0x00000000       0x68 ..\obj\arm_max_f32.o
 .debug_info    0x00000000      0x13f ..\obj\arm_max_f32.o
 .debug_abbrev  0x00000000       0x92 ..\obj\arm_max_f32.o
 .debug_aranges
                0x00000000       0x20 ..\obj\arm_max_f32.o
 .debug_ranges  0x00000000       0x10 ..\obj\arm_max_f32.o
 .debug_line    0x00000000      0x1d1 ..\obj\arm_max_f32.o
 .debug_str     0x00000000      0x20c ..\obj\arm_max_f32.o
 .comment       0x00000000       0x6f ..\obj\arm_max_f32.o
 .debug_frame   0x00000000       0x34 ..\obj\arm_max_f32.o
 .ARM.attributes
                0x00000000       0x33 ..\obj\arm_max_f32.o
 .text          0x00000000        0x0 ..\obj\arm_cfft_radix4_init_f32.o
 .data          0x00000000        0x0 ..\obj\arm_cfft_radix4_init_f32.o
 .bss           0x00000000        0x0 ..\obj\arm_cfft_radix4_init_f32.o
 .rodata        0x00000000     0x2000 ..\obj\arm_cfft_radix4_init_f32.o
 .text.arm_cfft_radix4_init_f32
                0x00000000       0xec ..\obj\arm_cfft_radix4_init_f32.o
 .debug_info    0x00000000      0x23d ..\obj\arm_cfft_radix4_init_f32.o
 .debug_abbrev  0x00000000      0x113 ..\obj\arm_cfft_radix4_init_f32.o
 .debug_aranges
                0x00000000       0x20 ..\obj\arm_cfft_radix4_init_f32.o
 .debug_ranges  0x00000000       0x10 ..\obj\arm_cfft_radix4_init_f32.o
 .debug_line    0x00000000      0x203 ..\obj\arm_cfft_radix4_init_f32.o
 .debug_str     0x00000000      0x339 ..\obj\arm_cfft_radix4_init_f32.o
 .comment       0x00000000       0x6f ..\obj\arm_cfft_radix4_init_f32.o
 .debug_frame   0x00000000       0x38 ..\obj\arm_cfft_radix4_init_f32.o
 .ARM.attributes
                0x00000000       0x33 ..\obj\arm_cfft_radix4_init_f32.o
 .text          0x00000000        0x0 ..\obj\stm32f4xx_tim.o
 .data          0x00000000        0x0 ..\obj\stm32f4xx_tim.o
 .bss           0x00000000        0x0 ..\obj\stm32f4xx_tim.o
 .text.TIM_DeInit
                0x00000000      0x1c0 ..\obj\stm32f4xx_tim.o
 .text.TIM_TimeBaseStructInit
                0x00000000       0x34 ..\obj\stm32f4xx_tim.o
 .text.TIM_PrescalerConfig
                0x00000000       0x28 ..\obj\stm32f4xx_tim.o
 .text.TIM_CounterModeConfig
                0x00000000       0x38 ..\obj\stm32f4xx_tim.o
 .text.TIM_SetCounter
                0x00000000       0x1c ..\obj\stm32f4xx_tim.o
 .text.TIM_SetAutoreload
                0x00000000       0x1c ..\obj\stm32f4xx_tim.o
 .text.TIM_GetCounter
                0x00000000       0x18 ..\obj\stm32f4xx_tim.o
 .text.TIM_GetPrescaler
                0x00000000       0x18 ..\obj\stm32f4xx_tim.o
 .text.TIM_UpdateDisableConfig
                0x00000000       0x40 ..\obj\stm32f4xx_tim.o
 .text.TIM_UpdateRequestConfig
                0x00000000       0x40 ..\obj\stm32f4xx_tim.o
 .text.TIM_ARRPreloadConfig
                0x00000000       0x40 ..\obj\stm32f4xx_tim.o
 .text.TIM_SelectOnePulseMode
                0x00000000       0x38 ..\obj\stm32f4xx_tim.o
 .text.TIM_SetClockDivision
                0x00000000       0x38 ..\obj\stm32f4xx_tim.o
 .text.TIM_OC1Init
                0x00000000       0xf4 ..\obj\stm32f4xx_tim.o
 .text.TIM_OC2Init
                0x00000000      0x110 ..\obj\stm32f4xx_tim.o
 .text.TIM_OC3Init
                0x00000000      0x10c ..\obj\stm32f4xx_tim.o
 .text.TIM_OC4Init
                0x00000000       0xcc ..\obj\stm32f4xx_tim.o
 .text.TIM_OCStructInit
                0x00000000       0x44 ..\obj\stm32f4xx_tim.o
 .text.TIM_SelectOCxM
                0x00000000       0xb0 ..\obj\stm32f4xx_tim.o
 .text.TIM_SetCompare1
                0x00000000       0x1c ..\obj\stm32f4xx_tim.o
 .text.TIM_SetCompare2
                0x00000000       0x1c ..\obj\stm32f4xx_tim.o
 .text.TIM_SetCompare3
                0x00000000       0x1c ..\obj\stm32f4xx_tim.o
 .text.TIM_SetCompare4
                0x00000000       0x1c ..\obj\stm32f4xx_tim.o
 .text.TIM_ForcedOC1Config
                0x00000000       0x38 ..\obj\stm32f4xx_tim.o
 .text.TIM_ForcedOC2Config
                0x00000000       0x3c ..\obj\stm32f4xx_tim.o
 .text.TIM_ForcedOC3Config
                0x00000000       0x38 ..\obj\stm32f4xx_tim.o
 .text.TIM_ForcedOC4Config
                0x00000000       0x3c ..\obj\stm32f4xx_tim.o
 .text.TIM_OC1PreloadConfig
                0x00000000       0x38 ..\obj\stm32f4xx_tim.o
 .text.TIM_OC2PreloadConfig
                0x00000000       0x3c ..\obj\stm32f4xx_tim.o
 .text.TIM_OC3PreloadConfig
                0x00000000       0x38 ..\obj\stm32f4xx_tim.o
 .text.TIM_OC4PreloadConfig
                0x00000000       0x3c ..\obj\stm32f4xx_tim.o
 .text.TIM_OC1FastConfig
                0x00000000       0x38 ..\obj\stm32f4xx_tim.o
 .text.TIM_OC2FastConfig
                0x00000000       0x3c ..\obj\stm32f4xx_tim.o
 .text.TIM_OC3FastConfig
                0x00000000       0x38 ..\obj\stm32f4xx_tim.o
 .text.TIM_OC4FastConfig
                0x00000000       0x3c ..\obj\stm32f4xx_tim.o
 .text.TIM_ClearOC1Ref
                0x00000000       0x38 ..\obj\stm32f4xx_tim.o
 .text.TIM_ClearOC2Ref
                0x00000000       0x3c ..\obj\stm32f4xx_tim.o
 .text.TIM_ClearOC3Ref
                0x00000000       0x38 ..\obj\stm32f4xx_tim.o
 .text.TIM_ClearOC4Ref
                0x00000000       0x3c ..\obj\stm32f4xx_tim.o
 .text.TIM_OC1PolarityConfig
                0x00000000       0x38 ..\obj\stm32f4xx_tim.o
 .text.TIM_OC1NPolarityConfig
                0x00000000       0x38 ..\obj\stm32f4xx_tim.o
 .text.TIM_OC2PolarityConfig
                0x00000000       0x3c ..\obj\stm32f4xx_tim.o
 .text.TIM_OC2NPolarityConfig
                0x00000000       0x3c ..\obj\stm32f4xx_tim.o
 .text.TIM_OC3PolarityConfig
                0x00000000       0x3c ..\obj\stm32f4xx_tim.o
 .text.TIM_OC3NPolarityConfig
                0x00000000       0x3c ..\obj\stm32f4xx_tim.o
 .text.TIM_OC4PolarityConfig
                0x00000000       0x3c ..\obj\stm32f4xx_tim.o
 .text.TIM_CCxCmd
                0x00000000       0x5c ..\obj\stm32f4xx_tim.o
 .text.TIM_CCxNCmd
                0x00000000       0x5c ..\obj\stm32f4xx_tim.o
 .text.TIM_ICInit
                0x00000000       0xa8 ..\obj\stm32f4xx_tim.o
 .text.TIM_ICStructInit
                0x00000000       0x30 ..\obj\stm32f4xx_tim.o
 .text.TIM_PWMIConfig
                0x00000000       0xb8 ..\obj\stm32f4xx_tim.o
 .text.TIM_GetCapture1
                0x00000000       0x18 ..\obj\stm32f4xx_tim.o
 .text.TIM_GetCapture2
                0x00000000       0x18 ..\obj\stm32f4xx_tim.o
 .text.TIM_GetCapture3
                0x00000000       0x18 ..\obj\stm32f4xx_tim.o
 .text.TIM_GetCapture4
                0x00000000       0x18 ..\obj\stm32f4xx_tim.o
 .text.TIM_SetIC1Prescaler
                0x00000000       0x38 ..\obj\stm32f4xx_tim.o
 .text.TIM_SetIC2Prescaler
                0x00000000       0x3c ..\obj\stm32f4xx_tim.o
 .text.TIM_SetIC3Prescaler
                0x00000000       0x38 ..\obj\stm32f4xx_tim.o
 .text.TIM_SetIC4Prescaler
                0x00000000       0x3c ..\obj\stm32f4xx_tim.o
 .text.TIM_BDTRConfig
                0x00000000       0x50 ..\obj\stm32f4xx_tim.o
 .text.TIM_BDTRStructInit
                0x00000000       0x3c ..\obj\stm32f4xx_tim.o
 .text.TIM_CtrlPWMOutputs
                0x00000000       0x4c ..\obj\stm32f4xx_tim.o
 .text.TIM_SelectCOM
                0x00000000       0x40 ..\obj\stm32f4xx_tim.o
 .text.TIM_CCPreloadControl
                0x00000000       0x40 ..\obj\stm32f4xx_tim.o
 .text.TIM_ITConfig
                0x00000000       0x48 ..\obj\stm32f4xx_tim.o
 .text.TIM_GenerateEvent
                0x00000000       0x1c ..\obj\stm32f4xx_tim.o
 .text.TIM_GetFlagStatus
                0x00000000       0x38 ..\obj\stm32f4xx_tim.o
 .text.TIM_ClearFlag
                0x00000000       0x20 ..\obj\stm32f4xx_tim.o
 .text.TIM_GetITStatus
                0x00000000       0x54 ..\obj\stm32f4xx_tim.o
 .text.TIM_ClearITPendingBit
                0x00000000       0x20 ..\obj\stm32f4xx_tim.o
 .text.TIM_DMAConfig
                0x00000000       0x28 ..\obj\stm32f4xx_tim.o
 .text.TIM_DMACmd
                0x00000000       0x48 ..\obj\stm32f4xx_tim.o
 .text.TIM_SelectCCDMA
                0x00000000       0x40 ..\obj\stm32f4xx_tim.o
 .text.TIM_InternalClockConfig
                0x00000000       0x24 ..\obj\stm32f4xx_tim.o
 .text.TIM_ITRxExternalClockConfig
                0x00000000       0x30 ..\obj\stm32f4xx_tim.o
 .text.TIM_TIxExternalClockConfig
                0x00000000       0x5c ..\obj\stm32f4xx_tim.o
 .text.TIM_ETRClockMode1Config
                0x00000000       0x60 ..\obj\stm32f4xx_tim.o
 .text.TIM_ETRClockMode2Config
                0x00000000       0x40 ..\obj\stm32f4xx_tim.o
 .text.TIM_SelectInputTrigger
                0x00000000       0x38 ..\obj\stm32f4xx_tim.o
 .text.TIM_SelectSlaveMode
                0x00000000       0x38 ..\obj\stm32f4xx_tim.o
 .text.TIM_SelectMasterSlaveMode
                0x00000000       0x38 ..\obj\stm32f4xx_tim.o
 .text.TIM_ETRConfig
                0x00000000       0x54 ..\obj\stm32f4xx_tim.o
 .text.TIM_EncoderInterfaceConfig
                0x00000000       0x98 ..\obj\stm32f4xx_tim.o
 .text.TIM_SelectHallSensor
                0x00000000       0x40 ..\obj\stm32f4xx_tim.o
 .text.TIM_RemapConfig
                0x00000000       0x20 ..\obj\stm32f4xx_tim.o
 .text.TI1_Config
                0x00000000       0x84 ..\obj\stm32f4xx_tim.o
 .text.TI2_Config
                0x00000000       0x98 ..\obj\stm32f4xx_tim.o
 .text.TI3_Config
                0x00000000       0x90 ..\obj\stm32f4xx_tim.o
 .text.TI4_Config
                0x00000000       0x9c ..\obj\stm32f4xx_tim.o
 .text          0x00000000        0x0 D:\Programy\ARM Embedded\5.2 2015q4\arm-none-eabi\lib\armv7e-m\libc.a(lib_a-memset.o)
 .data          0x00000000        0x0 D:\Programy\ARM Embedded\5.2 2015q4\arm-none-eabi\lib\armv7e-m\libc.a(lib_a-memset.o)
 .bss           0x00000000        0x0 D:\Programy\ARM Embedded\5.2 2015q4\arm-none-eabi\lib\armv7e-m\libc.a(lib_a-memset.o)
 .text.memset   0x00000000       0x9c D:\Programy\ARM Embedded\5.2 2015q4\arm-none-eabi\lib\armv7e-m\libc.a(lib_a-memset.o)
 .debug_frame   0x00000000       0x34 D:\Programy\ARM Embedded\5.2 2015q4\arm-none-eabi\lib\armv7e-m\libc.a(lib_a-memset.o)
 .ARM.attributes
                0x00000000       0x2e D:\Programy\ARM Embedded\5.2 2015q4\arm-none-eabi\lib\armv7e-m\libc.a(lib_a-memset.o)
 .text          0x00000000        0x0 D:\Programy\ARM Embedded\5.2 2015q4\arm-none-eabi\lib\armv7e-m\libm.a(lib_a-w_log10.o)
 .data          0x00000000        0x0 D:\Programy\ARM Embedded\5.2 2015q4\arm-none-eabi\lib\armv7e-m\libm.a(lib_a-w_log10.o)
 .bss           0x00000000        0x0 D:\Programy\ARM Embedded\5.2 2015q4\arm-none-eabi\lib\armv7e-m\libm.a(lib_a-w_log10.o)
 .text.log10    0x00000000       0xf8 D:\Programy\ARM Embedded\5.2 2015q4\arm-none-eabi\lib\armv7e-m\libm.a(lib_a-w_log10.o)
 .rodata.str1.4
                0x00000000        0x9 D:\Programy\ARM Embedded\5.2 2015q4\arm-none-eabi\lib\armv7e-m\libm.a(lib_a-w_log10.o)
 .debug_frame   0x00000000       0x40 D:\Programy\ARM Embedded\5.2 2015q4\arm-none-eabi\lib\armv7e-m\libm.a(lib_a-w_log10.o)
 .ARM.attributes
                0x00000000       0x2e D:\Programy\ARM Embedded\5.2 2015q4\arm-none-eabi\lib\armv7e-m\libm.a(lib_a-w_log10.o)
 .text          0x00000000        0x0 D:\Programy\ARM Embedded\5.2 2015q4\arm-none-eabi\lib\armv7e-m\libm.a(lib_a-wf_sqrt.o)
 .data          0x00000000        0x0 D:\Programy\ARM Embedded\5.2 2015q4\arm-none-eabi\lib\armv7e-m\libm.a(lib_a-wf_sqrt.o)
 .bss           0x00000000        0x0 D:\Programy\ARM Embedded\5.2 2015q4\arm-none-eabi\lib\armv7e-m\libm.a(lib_a-wf_sqrt.o)
 .text.sqrtf    0x00000000       0x98 D:\Programy\ARM Embedded\5.2 2015q4\arm-none-eabi\lib\armv7e-m\libm.a(lib_a-wf_sqrt.o)
 .rodata.str1.4
                0x00000000        0x6 D:\Programy\ARM Embedded\5.2 2015q4\arm-none-eabi\lib\armv7e-m\libm.a(lib_a-wf_sqrt.o)
 .debug_frame   0x00000000       0x3c D:\Programy\ARM Embedded\5.2 2015q4\arm-none-eabi\lib\armv7e-m\libm.a(lib_a-wf_sqrt.o)
 .ARM.attributes
                0x00000000       0x2e D:\Programy\ARM Embedded\5.2 2015q4\arm-none-eabi\lib\armv7e-m\libm.a(lib_a-wf_sqrt.o)
 .text          0x00000000        0x0 D:\Programy\ARM Embedded\5.2 2015q4\arm-none-eabi\lib\armv7e-m\libm.a(lib_a-e_log10.o)
 .data          0x00000000        0x0 D:\Programy\ARM Embedded\5.2 2015q4\arm-none-eabi\lib\armv7e-m\libm.a(lib_a-e_log10.o)
 .bss           0x00000000        0x0 D:\Programy\ARM Embedded\5.2 2015q4\arm-none-eabi\lib\armv7e-m\libm.a(lib_a-e_log10.o)
 .text.__ieee754_log10
                0x00000000      0x11c D:\Programy\ARM Embedded\5.2 2015q4\arm-none-eabi\lib\armv7e-m\libm.a(lib_a-e_log10.o)
 .debug_frame   0x00000000       0x34 D:\Programy\ARM Embedded\5.2 2015q4\arm-none-eabi\lib\armv7e-m\libm.a(lib_a-e_log10.o)
 .ARM.attributes
                0x00000000       0x2e D:\Programy\ARM Embedded\5.2 2015q4\arm-none-eabi\lib\armv7e-m\libm.a(lib_a-e_log10.o)
 .text          0x00000000        0x0 D:\Programy\ARM Embedded\5.2 2015q4\arm-none-eabi\lib\armv7e-m\libm.a(lib_a-ef_sqrt.o)
 .data          0x00000000        0x0 D:\Programy\ARM Embedded\5.2 2015q4\arm-none-eabi\lib\armv7e-m\libm.a(lib_a-ef_sqrt.o)
 .bss           0x00000000        0x0 D:\Programy\ARM Embedded\5.2 2015q4\arm-none-eabi\lib\armv7e-m\libm.a(lib_a-ef_sqrt.o)
 .text.__ieee754_sqrtf
                0x00000000       0xa8 D:\Programy\ARM Embedded\5.2 2015q4\arm-none-eabi\lib\armv7e-m\libm.a(lib_a-ef_sqrt.o)
 .debug_frame   0x00000000       0x2c D:\Programy\ARM Embedded\5.2 2015q4\arm-none-eabi\lib\armv7e-m\libm.a(lib_a-ef_sqrt.o)
 .ARM.attributes
                0x00000000       0x2e D:\Programy\ARM Embedded\5.2 2015q4\arm-none-eabi\lib\armv7e-m\libm.a(lib_a-ef_sqrt.o)
 .text          0x00000000        0x0 D:\Programy\ARM Embedded\5.2 2015q4\arm-none-eabi\lib\armv7e-m\libm.a(lib_a-s_fpclassify.o)
 .data          0x00000000        0x0 D:\Programy\ARM Embedded\5.2 2015q4\arm-none-eabi\lib\armv7e-m\libm.a(lib_a-s_fpclassify.o)
 .bss           0x00000000        0x0 D:\Programy\ARM Embedded\5.2 2015q4\arm-none-eabi\lib\armv7e-m\libm.a(lib_a-s_fpclassify.o)
 .text.__fpclassifyd
                0x00000000       0x54 D:\Programy\ARM Embedded\5.2 2015q4\arm-none-eabi\lib\armv7e-m\libm.a(lib_a-s_fpclassify.o)
 .debug_frame   0x00000000       0x34 D:\Programy\ARM Embedded\5.2 2015q4\arm-none-eabi\lib\armv7e-m\libm.a(lib_a-s_fpclassify.o)
 .ARM.attributes
                0x00000000       0x2e D:\Programy\ARM Embedded\5.2 2015q4\arm-none-eabi\lib\armv7e-m\libm.a(lib_a-s_fpclassify.o)
 .text          0x00000000        0x0 D:\Programy\ARM Embedded\5.2 2015q4\arm-none-eabi\lib\armv7e-m\libm.a(lib_a-s_lib_ver.o)
 .data          0x00000000        0x0 D:\Programy\ARM Embedded\5.2 2015q4\arm-none-eabi\lib\armv7e-m\libm.a(lib_a-s_lib_ver.o)
 .bss           0x00000000        0x0 D:\Programy\ARM Embedded\5.2 2015q4\arm-none-eabi\lib\armv7e-m\libm.a(lib_a-s_lib_ver.o)
 .data.__fdlib_version
                0x00000000        0x1 D:\Programy\ARM Embedded\5.2 2015q4\arm-none-eabi\lib\armv7e-m\libm.a(lib_a-s_lib_ver.o)
 .ARM.attributes
                0x00000000       0x2e D:\Programy\ARM Embedded\5.2 2015q4\arm-none-eabi\lib\armv7e-m\libm.a(lib_a-s_lib_ver.o)
 .text          0x00000000        0x0 D:\Programy\ARM Embedded\5.2 2015q4\arm-none-eabi\lib\armv7e-m\libm.a(lib_a-s_matherr.o)
 .data          0x00000000        0x0 D:\Programy\ARM Embedded\5.2 2015q4\arm-none-eabi\lib\armv7e-m\libm.a(lib_a-s_matherr.o)
 .bss           0x00000000        0x0 D:\Programy\ARM Embedded\5.2 2015q4\arm-none-eabi\lib\armv7e-m\libm.a(lib_a-s_matherr.o)
 .text.matherr  0x00000000        0x4 D:\Programy\ARM Embedded\5.2 2015q4\arm-none-eabi\lib\armv7e-m\libm.a(lib_a-s_matherr.o)
 .debug_frame   0x00000000       0x20 D:\Programy\ARM Embedded\5.2 2015q4\arm-none-eabi\lib\armv7e-m\libm.a(lib_a-s_matherr.o)
 .ARM.attributes
                0x00000000       0x2e D:\Programy\ARM Embedded\5.2 2015q4\arm-none-eabi\lib\armv7e-m\libm.a(lib_a-s_matherr.o)
 .text          0x00000000        0x0 D:\Programy\ARM Embedded\5.2 2015q4\arm-none-eabi\lib\armv7e-m\libm.a(lib_a-s_nan.o)
 .data          0x00000000        0x0 D:\Programy\ARM Embedded\5.2 2015q4\arm-none-eabi\lib\armv7e-m\libm.a(lib_a-s_nan.o)
 .bss           0x00000000        0x0 D:\Programy\ARM Embedded\5.2 2015q4\arm-none-eabi\lib\armv7e-m\libm.a(lib_a-s_nan.o)
 .text.nan      0x00000000        0xc D:\Programy\ARM Embedded\5.2 2015q4\arm-none-eabi\lib\armv7e-m\libm.a(lib_a-s_nan.o)
 .debug_frame   0x00000000       0x20 D:\Programy\ARM Embedded\5.2 2015q4\arm-none-eabi\lib\armv7e-m\libm.a(lib_a-s_nan.o)
 .ARM.attributes
                0x00000000       0x2e D:\Programy\ARM Embedded\5.2 2015q4\arm-none-eabi\lib\armv7e-m\libm.a(lib_a-s_nan.o)
 .text          0x00000000        0x0 D:\Programy\ARM Embedded\5.2 2015q4\arm-none-eabi\lib\armv7e-m\libm.a(lib_a-sf_fpclassify.o)
 .data          0x00000000        0x0 D:\Programy\ARM Embedded\5.2 2015q4\arm-none-eabi\lib\armv7e-m\libm.a(lib_a-sf_fpclassify.o)
 .bss           0x00000000        0x0 D:\Programy\ARM Embedded\5.2 2015q4\arm-none-eabi\lib\armv7e-m\libm.a(lib_a-sf_fpclassify.o)
 .text.__fpclassifyf
                0x00000000       0x34 D:\Programy\ARM Embedded\5.2 2015q4\arm-none-eabi\lib\armv7e-m\libm.a(lib_a-sf_fpclassify.o)
 .debug_frame   0x00000000       0x20 D:\Programy\ARM Embedded\5.2 2015q4\arm-none-eabi\lib\armv7e-m\libm.a(lib_a-sf_fpclassify.o)
 .ARM.attributes
                0x00000000       0x2e D:\Programy\ARM Embedded\5.2 2015q4\arm-none-eabi\lib\armv7e-m\libm.a(lib_a-sf_fpclassify.o)
 .text          0x00000000        0x0 D:\Programy\ARM Embedded\5.2 2015q4\arm-none-eabi\lib\armv7e-m\libm.a(lib_a-e_log.o)
 .data          0x00000000        0x0 D:\Programy\ARM Embedded\5.2 2015q4\arm-none-eabi\lib\armv7e-m\libm.a(lib_a-e_log.o)
 .bss           0x00000000        0x0 D:\Programy\ARM Embedded\5.2 2015q4\arm-none-eabi\lib\armv7e-m\libm.a(lib_a-e_log.o)
 .text.__ieee754_log
                0x00000000      0x3e8 D:\Programy\ARM Embedded\5.2 2015q4\arm-none-eabi\lib\armv7e-m\libm.a(lib_a-e_log.o)
 .debug_frame   0x00000000       0x54 D:\Programy\ARM Embedded\5.2 2015q4\arm-none-eabi\lib\armv7e-m\libm.a(lib_a-e_log.o)
 .ARM.attributes
                0x00000000       0x2e D:\Programy\ARM Embedded\5.2 2015q4\arm-none-eabi\lib\armv7e-m\libm.a(lib_a-e_log.o)
 .text          0x00000000      0x370 d:/programy/arm embedded/5.2 2015q4/bin/../lib/gcc/arm-none-eabi/5.2.1/armv7e-m\libgcc.a(_arm_addsubdf3.o)
 .data          0x00000000        0x0 d:/programy/arm embedded/5.2 2015q4/bin/../lib/gcc/arm-none-eabi/5.2.1/armv7e-m\libgcc.a(_arm_addsubdf3.o)
 .bss           0x00000000        0x0 d:/programy/arm embedded/5.2 2015q4/bin/../lib/gcc/arm-none-eabi/5.2.1/armv7e-m\libgcc.a(_arm_addsubdf3.o)
 .ARM.attributes
                0x00000000       0x1e d:/programy/arm embedded/5.2 2015q4/bin/../lib/gcc/arm-none-eabi/5.2.1/armv7e-m\libgcc.a(_arm_addsubdf3.o)
 .text          0x00000000      0x424 d:/programy/arm embedded/5.2 2015q4/bin/../lib/gcc/arm-none-eabi/5.2.1/armv7e-m\libgcc.a(_arm_muldivdf3.o)
 .data          0x00000000        0x0 d:/programy/arm embedded/5.2 2015q4/bin/../lib/gcc/arm-none-eabi/5.2.1/armv7e-m\libgcc.a(_arm_muldivdf3.o)
 .bss           0x00000000        0x0 d:/programy/arm embedded/5.2 2015q4/bin/../lib/gcc/arm-none-eabi/5.2.1/armv7e-m\libgcc.a(_arm_muldivdf3.o)
 .ARM.attributes
                0x00000000       0x1e d:/programy/arm embedded/5.2 2015q4/bin/../lib/gcc/arm-none-eabi/5.2.1/armv7e-m\libgcc.a(_arm_muldivdf3.o)
 .text          0x00000000      0x110 d:/programy/arm embedded/5.2 2015q4/bin/../lib/gcc/arm-none-eabi/5.2.1/armv7e-m\libgcc.a(_arm_cmpdf2.o)
 .data          0x00000000        0x0 d:/programy/arm embedded/5.2 2015q4/bin/../lib/gcc/arm-none-eabi/5.2.1/armv7e-m\libgcc.a(_arm_cmpdf2.o)
 .bss           0x00000000        0x0 d:/programy/arm embedded/5.2 2015q4/bin/../lib/gcc/arm-none-eabi/5.2.1/armv7e-m\libgcc.a(_arm_cmpdf2.o)
 .ARM.attributes
                0x00000000       0x1e d:/programy/arm embedded/5.2 2015q4/bin/../lib/gcc/arm-none-eabi/5.2.1/armv7e-m\libgcc.a(_arm_cmpdf2.o)
 .text          0x00000000       0x50 d:/programy/arm embedded/5.2 2015q4/bin/../lib/gcc/arm-none-eabi/5.2.1/armv7e-m\libgcc.a(_arm_fixdfsi.o)
 .data          0x00000000        0x0 d:/programy/arm embedded/5.2 2015q4/bin/../lib/gcc/arm-none-eabi/5.2.1/armv7e-m\libgcc.a(_arm_fixdfsi.o)
 .bss           0x00000000        0x0 d:/programy/arm embedded/5.2 2015q4/bin/../lib/gcc/arm-none-eabi/5.2.1/armv7e-m\libgcc.a(_arm_fixdfsi.o)
 .ARM.attributes
                0x00000000       0x1e d:/programy/arm embedded/5.2 2015q4/bin/../lib/gcc/arm-none-eabi/5.2.1/armv7e-m\libgcc.a(_arm_fixdfsi.o)
 .text          0x00000000       0xa0 d:/programy/arm embedded/5.2 2015q4/bin/../lib/gcc/arm-none-eabi/5.2.1/armv7e-m\libgcc.a(_arm_truncdfsf2.o)
 .data          0x00000000        0x0 d:/programy/arm embedded/5.2 2015q4/bin/../lib/gcc/arm-none-eabi/5.2.1/armv7e-m\libgcc.a(_arm_truncdfsf2.o)
 .bss           0x00000000        0x0 d:/programy/arm embedded/5.2 2015q4/bin/../lib/gcc/arm-none-eabi/5.2.1/armv7e-m\libgcc.a(_arm_truncdfsf2.o)
 .ARM.attributes
                0x00000000       0x1e d:/programy/arm embedded/5.2 2015q4/bin/../lib/gcc/arm-none-eabi/5.2.1/armv7e-m\libgcc.a(_arm_truncdfsf2.o)
 .text          0x00000000      0x21c d:/programy/arm embedded/5.2 2015q4/bin/../lib/gcc/arm-none-eabi/5.2.1/armv7e-m\libgcc.a(_arm_addsubsf3.o)
 .data          0x00000000        0x0 d:/programy/arm embedded/5.2 2015q4/bin/../lib/gcc/arm-none-eabi/5.2.1/armv7e-m\libgcc.a(_arm_addsubsf3.o)
 .bss           0x00000000        0x0 d:/programy/arm embedded/5.2 2015q4/bin/../lib/gcc/arm-none-eabi/5.2.1/armv7e-m\libgcc.a(_arm_addsubsf3.o)
 .ARM.attributes
                0x00000000       0x1e d:/programy/arm embedded/5.2 2015q4/bin/../lib/gcc/arm-none-eabi/5.2.1/armv7e-m\libgcc.a(_arm_addsubsf3.o)
 .text          0x00000000      0x2a0 d:/programy/arm embedded/5.2 2015q4/bin/../lib/gcc/arm-none-eabi/5.2.1/armv7e-m\libgcc.a(_arm_muldivsf3.o)
 .data          0x00000000        0x0 d:/programy/arm embedded/5.2 2015q4/bin/../lib/gcc/arm-none-eabi/5.2.1/armv7e-m\libgcc.a(_arm_muldivsf3.o)
 .bss           0x00000000        0x0 d:/programy/arm embedded/5.2 2015q4/bin/../lib/gcc/arm-none-eabi/5.2.1/armv7e-m\libgcc.a(_arm_muldivsf3.o)
 .ARM.attributes
                0x00000000       0x1e d:/programy/arm embedded/5.2 2015q4/bin/../lib/gcc/arm-none-eabi/5.2.1/armv7e-m\libgcc.a(_arm_muldivsf3.o)
 .text          0x00000000       0xec d:/programy/arm embedded/5.2 2015q4/bin/../lib/gcc/arm-none-eabi/5.2.1/armv7e-m\libgcc.a(_arm_cmpsf2.o)
 .data          0x00000000        0x0 d:/programy/arm embedded/5.2 2015q4/bin/../lib/gcc/arm-none-eabi/5.2.1/armv7e-m\libgcc.a(_arm_cmpsf2.o)
 .bss           0x00000000        0x0 d:/programy/arm embedded/5.2 2015q4/bin/../lib/gcc/arm-none-eabi/5.2.1/armv7e-m\libgcc.a(_arm_cmpsf2.o)
 .ARM.attributes
                0x00000000       0x1e d:/programy/arm embedded/5.2 2015q4/bin/../lib/gcc/arm-none-eabi/5.2.1/armv7e-m\libgcc.a(_arm_cmpsf2.o)
 .text          0x00000000       0x4c d:/programy/arm embedded/5.2 2015q4/bin/../lib/gcc/arm-none-eabi/5.2.1/armv7e-m\libgcc.a(_arm_fixsfsi.o)
 .data          0x00000000        0x0 d:/programy/arm embedded/5.2 2015q4/bin/../lib/gcc/arm-none-eabi/5.2.1/armv7e-m\libgcc.a(_arm_fixsfsi.o)
 .bss           0x00000000        0x0 d:/programy/arm embedded/5.2 2015q4/bin/../lib/gcc/arm-none-eabi/5.2.1/armv7e-m\libgcc.a(_arm_fixsfsi.o)
 .ARM.attributes
                0x00000000       0x1e d:/programy/arm embedded/5.2 2015q4/bin/../lib/gcc/arm-none-eabi/5.2.1/armv7e-m\libgcc.a(_arm_fixsfsi.o)
 .text          0x00000000       0x40 d:/programy/arm embedded/5.2 2015q4/bin/../lib/gcc/arm-none-eabi/5.2.1/armv7e-m\libgcc.a(_arm_fixunssfsi.o)
 .data          0x00000000        0x0 d:/programy/arm embedded/5.2 2015q4/bin/../lib/gcc/arm-none-eabi/5.2.1/armv7e-m\libgcc.a(_arm_fixunssfsi.o)
 .bss           0x00000000        0x0 d:/programy/arm embedded/5.2 2015q4/bin/../lib/gcc/arm-none-eabi/5.2.1/armv7e-m\libgcc.a(_arm_fixunssfsi.o)
 .ARM.attributes
                0x00000000       0x1e d:/programy/arm embedded/5.2 2015q4/bin/../lib/gcc/arm-none-eabi/5.2.1/armv7e-m\libgcc.a(_arm_fixunssfsi.o)
 .text          0x00000000        0x0 D:\Programy\ARM Embedded\5.2 2015q4\arm-none-eabi\lib\armv7e-m\libg.a(lib_a-errno.o)
 .data          0x00000000        0x0 D:\Programy\ARM Embedded\5.2 2015q4\arm-none-eabi\lib\armv7e-m\libg.a(lib_a-errno.o)
 .bss           0x00000000        0x0 D:\Programy\ARM Embedded\5.2 2015q4\arm-none-eabi\lib\armv7e-m\libg.a(lib_a-errno.o)
 .text.__errno  0x00000000        0xc D:\Programy\ARM Embedded\5.2 2015q4\arm-none-eabi\lib\armv7e-m\libg.a(lib_a-errno.o)
 .debug_frame   0x00000000       0x20 D:\Programy\ARM Embedded\5.2 2015q4\arm-none-eabi\lib\armv7e-m\libg.a(lib_a-errno.o)
 .ARM.attributes
                0x00000000       0x2e D:\Programy\ARM Embedded\5.2 2015q4\arm-none-eabi\lib\armv7e-m\libg.a(lib_a-errno.o)
 .text          0x00000000        0x0 D:\Programy\ARM Embedded\5.2 2015q4\arm-none-eabi\lib\armv7e-m\libg.a(lib_a-impure.o)
 .data          0x00000000        0x0 D:\Programy\ARM Embedded\5.2 2015q4\arm-none-eabi\lib\armv7e-m\libg.a(lib_a-impure.o)
 .bss           0x00000000        0x0 D:\Programy\ARM Embedded\5.2 2015q4\arm-none-eabi\lib\armv7e-m\libg.a(lib_a-impure.o)
 .data.impure_data
                0x00000000      0x428 D:\Programy\ARM Embedded\5.2 2015q4\arm-none-eabi\lib\armv7e-m\libg.a(lib_a-impure.o)
 .data._impure_ptr
                0x00000000        0x4 D:\Programy\ARM Embedded\5.2 2015q4\arm-none-eabi\lib\armv7e-m\libg.a(lib_a-impure.o)
 .rodata.str1.4
                0x00000000        0x2 D:\Programy\ARM Embedded\5.2 2015q4\arm-none-eabi\lib\armv7e-m\libg.a(lib_a-impure.o)
 .rodata._global_impure_ptr
                0x00000000        0x4 D:\Programy\ARM Embedded\5.2 2015q4\arm-none-eabi\lib\armv7e-m\libg.a(lib_a-impure.o)
 .ARM.attributes
                0x00000000       0x2e D:\Programy\ARM Embedded\5.2 2015q4\arm-none-eabi\lib\armv7e-m\libg.a(lib_a-impure.o)

Memory Configuration

Name             Origin             Length             Attributes
rom              0x08000000         0x00100000         xr
ram              0x20000000         0x00020000         xrw
ram1             0x10000000         0x00010000         xrw
*default*        0x00000000         0xffffffff

Linker script and memory map

                0x20020000                _eram = 0x20020000

.text           0x08000000      0xfa4
 *(.isr_vector)
 .isr_vector    0x08000000      0x188 ..\obj\startup_stm32f4xx.o
                0x08000000                g_pfnVectors
 *(.text*)
 .text.TIM6_Config_DAC
                0x08000188       0x48 ..\obj\DAC.o
                0x08000188                TIM6_Config_DAC
 .text.DAC1_Config
                0x080001d0       0xd0 ..\obj\DAC.o
                0x080001d0                DAC1_Config
 .text.DAC_Init
                0x080002a0       0x64 ..\obj\stm32f4xx_dac.o
                0x080002a0                DAC_Init
 .text.DAC_Cmd  0x08000304       0x48 ..\obj\stm32f4xx_dac.o
                0x08000304                DAC_Cmd
 .text.DAC_DMACmd
                0x0800034c       0x4c ..\obj\stm32f4xx_dac.o
                0x0800034c                DAC_DMACmd
 .text.Default_Reset_Handler
                0x08000398       0x5c ..\obj\startup_stm32f4xx.o
                0x08000398                Default_Reset_Handler
                0x08000398                Reset_Handler
 .text.Default_Handler
                0x080003f4        0x8 ..\obj\startup_stm32f4xx.o
                0x080003f4                RTC_Alarm_IRQHandler
                0x080003f4                HASH_RNG_IRQHandler
                0x080003f4                EXTI2_IRQHandler
                0x080003f4                TIM8_CC_IRQHandler
                0x080003f4                DebugMon_Handler
                0x080003f4                TIM1_CC_IRQHandler
                0x080003f4                DMA2_Stream5_IRQHandler
                0x080003f4                HardFault_Handler
                0x080003f4                DMA1_Stream5_IRQHandler
                0x080003f4                SysTick_Handler
                0x080003f4                PVD_IRQHandler
                0x080003f4                SDIO_IRQHandler
                0x080003f4                TAMP_STAMP_IRQHandler
                0x080003f4                PendSV_Handler
                0x080003f4                NMI_Handler
                0x080003f4                CAN2_RX1_IRQHandler
                0x080003f4                EXTI3_IRQHandler
                0x080003f4                TIM8_TRG_COM_TIM14_IRQHandler
                0x080003f4                TIM1_UP_TIM10_IRQHandler
                0x080003f4                TIM8_UP_TIM13_IRQHandler
                0x080003f4                I2C3_ER_IRQHandler
                0x080003f4                EXTI0_IRQHandler
                0x080003f4                I2C2_EV_IRQHandler
                0x080003f4                DMA1_Stream2_IRQHandler
                0x080003f4                CAN1_RX0_IRQHandler
                0x080003f4                FPU_IRQHandler
                0x080003f4                OTG_HS_WKUP_IRQHandler
                0x080003f4                UsageFault_Handler
                0x080003f4                CAN2_SCE_IRQHandler
                0x080003f4                DMA2_Stream2_IRQHandler
                0x080003f4                SPI1_IRQHandler
                0x080003f4                TIM6_DAC_IRQHandler
                0x080003f4                TIM1_BRK_TIM9_IRQHandler
                0x080003f4                DCMI_IRQHandler
                0x080003f4                CAN2_RX0_IRQHandler
                0x080003f4                DMA2_Stream3_IRQHandler
                0x080003f4                USART6_IRQHandler
                0x080003f4                USART3_IRQHandler
                0x080003f4                CRYP_IRQHandler
                0x080003f4                CAN1_RX1_IRQHandler
                0x080003f4                UART5_IRQHandler
                0x080003f4                DMA2_Stream0_IRQHandler
                0x080003f4                TIM4_IRQHandler
                0x080003f4                I2C1_EV_IRQHandler
                0x080003f4                DMA1_Stream6_IRQHandler
                0x080003f4                DMA1_Stream1_IRQHandler
                0x080003f4                UART4_IRQHandler
                0x080003f4                TIM3_IRQHandler
                0x080003f4                RCC_IRQHandler
                0x080003f4                TIM8_BRK_TIM12_IRQHandler
                0x080003f4                EXTI15_10_IRQHandler
                0x080003f4                ADC_IRQHandler
                0x080003f4                DMA1_Stream7_IRQHandler
                0x080003f4                TIM7_IRQHandler
                0x080003f4                CAN2_TX_IRQHandler
                0x080003f4                TIM5_IRQHandler
                0x080003f4                DMA2_Stream7_IRQHandler
                0x080003f4                I2C3_EV_IRQHandler
                0x080003f4                EXTI9_5_IRQHandler
                0x080003f4                RTC_WKUP_IRQHandler
                0x080003f4                ETH_WKUP_IRQHandler
                0x080003f4                SPI2_IRQHandler
                0x080003f4                OTG_HS_EP1_IN_IRQHandler
                0x080003f4                MemManage_Handler
                0x080003f4                DMA1_Stream0_IRQHandler
                0x080003f4                CAN1_TX_IRQHandler
                0x080003f4                SVC_Handler
                0x080003f4                EXTI4_IRQHandler
                0x080003f4                FSMC_IRQHandler
                0x080003f4                ETH_IRQHandler
                0x080003f4                OTG_HS_EP1_OUT_IRQHandler
                0x080003f4                WWDG_IRQHandler
                0x080003f4                TIM2_IRQHandler
                0x080003f4                OTG_FS_WKUP_IRQHandler
                0x080003f4                TIM1_TRG_COM_TIM11_IRQHandler
                0x080003f4                OTG_HS_IRQHandler
                0x080003f4                EXTI1_IRQHandler
                0x080003f4                USART2_IRQHandler
                0x080003f4                I2C2_ER_IRQHandler
                0x080003f4                DMA2_Stream1_IRQHandler
                0x080003f4                CAN1_SCE_IRQHandler
                0x080003f4                FLASH_IRQHandler
                0x080003f4                DMA2_Stream4_IRQHandler
                0x080003f4                BusFault_Handler
                0x080003f4                USART1_IRQHandler
                0x080003f4                OTG_FS_IRQHandler
                0x080003f4                SPI3_IRQHandler
                0x080003f4                DMA1_Stream4_IRQHandler
                0x080003f4                I2C1_ER_IRQHandler
                0x080003f4                DMA2_Stream6_IRQHandler
                0x080003f4                DMA1_Stream3_IRQHandler
 .text.main     0x080003fc       0x20 ..\obj\main.o
                0x080003fc                main
 .text.RCC_AHB1PeriphClockCmd
                0x0800041c       0x3c ..\obj\stm32f4xx_rcc.o
                0x0800041c                RCC_AHB1PeriphClockCmd
 .text.RCC_APB1PeriphClockCmd
                0x08000458       0x3c ..\obj\stm32f4xx_rcc.o
                0x08000458                RCC_APB1PeriphClockCmd
 .text.RCC_APB2PeriphClockCmd
                0x08000494       0x3c ..\obj\stm32f4xx_rcc.o
                0x08000494                RCC_APB2PeriphClockCmd
 .text.TIM3_Config_ADC
                0x080004d0       0x48 ..\obj\ADC.o
                0x080004d0                TIM3_Config_ADC
 .text.ADC3_CH12_DMA_Config
                0x08000518      0x118 ..\obj\ADC.o
                0x08000518                ADC3_CH12_DMA_Config
 .text.ADC_Init
                0x08000630       0xa8 ..\obj\stm32f4xx_adc.o
                0x08000630                ADC_Init
 .text.ADC_CommonInit
                0x080006d8       0x50 ..\obj\stm32f4xx_adc.o
                0x080006d8                ADC_CommonInit
 .text.ADC_Cmd  0x08000728       0x38 ..\obj\stm32f4xx_adc.o
                0x08000728                ADC_Cmd
 .text.ADC_RegularChannelConfig
                0x08000760      0x194 ..\obj\stm32f4xx_adc.o
                0x08000760                ADC_RegularChannelConfig
 .text.ADC_DMACmd
                0x080008f4       0x38 ..\obj\stm32f4xx_adc.o
                0x080008f4                ADC_DMACmd
 .text.ADC_DMARequestAfterLastTransferCmd
                0x0800092c       0x38 ..\obj\stm32f4xx_adc.o
                0x0800092c                ADC_DMARequestAfterLastTransferCmd
 .text.GPIO_Init
                0x08000964      0x11c ..\obj\stm32f4xx_gpio.o
                0x08000964                GPIO_Init
 .text.SystemInit
                0x08000a80       0x5c ..\obj\system_stm32f4xx.o
                0x08000a80                SystemInit
 .text.SetSysClock
                0x08000adc       0xf4 ..\obj\system_stm32f4xx.o
 .text.DMA_DeInit
                0x08000bd0      0x1a4 ..\obj\stm32f4xx_dma.o
                0x08000bd0                DMA_DeInit
 .text.DMA_Init
                0x08000d74       0xac ..\obj\stm32f4xx_dma.o
                0x08000d74                DMA_Init
 .text.DMA_Cmd  0x08000e20       0x38 ..\obj\stm32f4xx_dma.o
                0x08000e20                DMA_Cmd
 .text.TIM_TimeBaseInit
                0x08000e58       0xd4 ..\obj\stm32f4xx_tim.o
                0x08000e58                TIM_TimeBaseInit
 .text.TIM_Cmd  0x08000f2c       0x40 ..\obj\stm32f4xx_tim.o
                0x08000f2c                TIM_Cmd
 .text.TIM_SelectOutputTrigger
                0x08000f6c       0x38 ..\obj\stm32f4xx_tim.o
                0x08000f6c                TIM_SelectOutputTrigger
 *(.init)
 *(.fini)
 *crtbegin.o(.ctors)
 *crtbegin?.o(.ctors)
 *(EXCLUDE_FILE(*crtend.o *crtend?.o) .ctors)
 *(SORT(.ctors.*))
 *(.ctors)
 *crtbegin.o(.dtors)
 *crtbegin?.o(.dtors)
 *(EXCLUDE_FILE(*crtend.o *crtend?.o) .dtors)
 *(SORT(.dtors.*))
 *(.dtors)
 *(.rodata*)
 *(.eh_fram e*)

.glue_7         0x08000fa4        0x0
 .glue_7        0x08000fa4        0x0 linker stubs

.glue_7t        0x08000fa4        0x0
 .glue_7t       0x08000fa4        0x0 linker stubs

.vfp11_veneer   0x08000fa4        0x0
 .vfp11_veneer  0x08000fa4        0x0 linker stubs

.v4_bx          0x08000fa4        0x0
 .v4_bx         0x08000fa4        0x0 linker stubs

.iplt           0x08000fa4        0x0
 .iplt          0x08000fa4        0x0 ..\obj\arm_cfft_radix4_f32.o

.rel.dyn        0x08000fa4        0x0
 .rel.iplt      0x08000fa4        0x0 ..\obj\arm_cfft_radix4_f32.o

.ARM.extab
 *(.ARM.extab* .gnu.linkonce.armextab.*)
                0x08000fa4                __exidx_start = .

.ARM.exidx
 *(.ARM.exidx* .gnu.linkonce.armexidx.*)
                0x08000fa4                __exidx_end = .
                0x08000fa4                __etext = .
                0x08000fa4                _sidata = __etext

.data           0x20000000        0x0 load address 0x08000fa4
                0x20000000                __data_start__ = .
                0x20000000                _sdata = __data_start__
 *(vtable)
 *(.data*)
                0x20000000                . = ALIGN (0x4)
                [!provide]                PROVIDE (__preinit_array_start, .)
 *(.preinit_array)
                [!provide]                PROVIDE (__preinit_array_end, .)
                0x20000000                . = ALIGN (0x4)
                [!provide]                PROVIDE (__init_array_start, .)
 *(SORT(.init_array.*))
 *(.init_array)
                [!provide]                PROVIDE (__init_array_end, .)
                0x20000000                . = ALIGN (0x4)
                [!provide]                PROVIDE (__fini_array_start, .)
 *(SORT(.fini_array.*))
 *(.fini_array)
                [!provide]                PROVIDE (__fini_array_end, .)
 *(.jcr*)
                0x20000000                . = ALIGN (0x4)
                0x20000000                __data_end__ = .
                0x20000000                _edata = __data_end__

.igot.plt       0x20000000        0x0
 .igot.plt      0x20000000        0x0 ..\obj\arm_cfft_radix4_f32.o

.bss            0x20000000    0x27100
                0x20000000                . = ALIGN (0x4)
                0x20000000                __bss_start__ = .
                0x20000000                _sbss = __bss_start__
 *(.bss*)
 *(COMMON)
 COMMON         0x20000000    0x27100 ..\obj\main.o
                0x20000000                testInput
                0x20009c40                testOutput
                0x20013880                refOutput
                0x20027100                . = ALIGN (0x4)
                0x20027100                __bss_end__ = .
                0x20027100                _ebss = __bss_end__

.heap           0x20027100        0x0
                0x20027100                __end__ = .
                0x20027100                _end = __end__
                0x20027100                end = __end__
 *(.heap*)
                0x20027100                __HeapLimit = .

.co_stack       0x20027100      0x800
                0x20027100                . = ALIGN (0x8)
 *(.co_stack .co_stack.*)
 .co_stack      0x20027100      0x800 ..\obj\startup_stm32f4xx.o
                0x20027100                pulStack
                0x20020000                __StackTop = (ORIGIN (ram) + LENGTH (ram))
                0x2001f800                __StackLimit = (__StackTop - SIZEOF (.co_stack))
                [!provide]                PROVIDE (__stack, __StackTop)
                0x00000000                ASSERT ((__StackLimit >= __HeapLimit), region ram  overflowed with stack)
LOAD ..\obj\arm_cfft_radix4_f32.o
LOAD ..\obj\arm_common_tables.o
LOAD ..\obj\arm_rfft_f32.o
LOAD ..\obj\DAC.o
LOAD ..\obj\stm32f4xx_dac.o
LOAD ..\obj\startup_stm32f4xx.o
LOAD ..\obj\main.o
LOAD ..\obj\stm32f4xx_rcc.o
LOAD ..\obj\arm_rfft_init_f32.o
LOAD ..\obj\ADC.o
LOAD ..\obj\stm32f4xx_adc.o
LOAD ..\obj\arm_fir_init_f32.o
LOAD ..\obj\arm_cmplx_mag_f32.o
LOAD ..\obj\arm_fir_f32.o
LOAD ..\obj\stm32f4xx_gpio.o
LOAD ..\obj\system_stm32f4xx.o
LOAD ..\obj\syscalls.o
LOAD ..\obj\stm32f4xx_dma.o
LOAD ..\obj\math_helper.o
LOAD ..\obj\arm_sin_f32.o
LOAD ..\obj\arm_max_f32.o
LOAD ..\obj\arm_cfft_radix4_init_f32.o
LOAD ..\obj\stm32f4xx_tim.o
LOAD D:\Programy\ARM Embedded\5.2 2015q4\arm-none-eabi\lib\armv7e-m\libc.a
LOAD D:\Programy\ARM Embedded\5.2 2015q4\arm-none-eabi\lib\armv7e-m\libg.a
LOAD D:\Programy\ARM Embedded\5.2 2015q4\arm-none-eabi\lib\armv7e-m\libm.a
LOAD D:\Programy\ARM Embedded\5.2 2015q4\arm-none-eabi\lib\armv7e-m\libnosys.a
LOAD D:\Programy\ARM Embedded\5.2 2015q4\arm-none-eabi\lib\armv7e-m\librdimon.a
START GROUP
LOAD d:/programy/arm embedded/5.2 2015q4/bin/../lib/gcc/arm-none-eabi/5.2.1/armv7e-m\libgcc.a
LOAD D:\Programy\ARM Embedded\5.2 2015q4\arm-none-eabi\lib\armv7e-m\libg.a
LOAD D:\Programy\ARM Embedded\5.2 2015q4\arm-none-eabi\lib\armv7e-m\libc.a
END GROUP
OUTPUT(DSP.elf elf32-littlearm)

.debug_info     0x00000000     0x6064
 .debug_info    0x00000000      0x79a ..\obj\DAC.o
 .debug_info    0x0000079a      0x642 ..\obj\stm32f4xx_dac.o
 .debug_info    0x00000ddc       0xed ..\obj\startup_stm32f4xx.o
 .debug_info    0x00000ec9      0x13e ..\obj\main.o
 .debug_info    0x00001007      0xc59 ..\obj\stm32f4xx_rcc.o
 .debug_info    0x00001c60      0x86a ..\obj\ADC.o
 .debug_info    0x000024ca      0xc40 ..\obj\stm32f4xx_adc.o
 .debug_info    0x0000310a      0x61a ..\obj\stm32f4xx_gpio.o
 .debug_info    0x00003724      0x596 ..\obj\system_stm32f4xx.o
 .debug_info    0x00003cba      0x741 ..\obj\stm32f4xx_dma.o
 .debug_info    0x000043fb     0x1c69 ..\obj\stm32f4xx_tim.o

.debug_abbrev   0x00000000      0xe39
 .debug_abbrev  0x00000000      0x11d ..\obj\DAC.o
 .debug_abbrev  0x0000011d      0x17e ..\obj\stm32f4xx_dac.o
 .debug_abbrev  0x0000029b       0xb0 ..\obj\startup_stm32f4xx.o
 .debug_abbrev  0x0000034b       0x95 ..\obj\main.o
 .debug_abbrev  0x000003e0      0x1e5 ..\obj\stm32f4xx_rcc.o
 .debug_abbrev  0x000005c5      0x11d ..\obj\ADC.o
 .debug_abbrev  0x000006e2      0x198 ..\obj\stm32f4xx_adc.o
 .debug_abbrev  0x0000087a      0x1a7 ..\obj\stm32f4xx_gpio.o
 .debug_abbrev  0x00000a21      0x138 ..\obj\system_stm32f4xx.o
 .debug_abbrev  0x00000b59      0x157 ..\obj\stm32f4xx_dma.o
 .debug_abbrev  0x00000cb0      0x189 ..\obj\stm32f4xx_tim.o

.debug_aranges  0x00000000      0x858
 .debug_aranges
                0x00000000       0x28 ..\obj\DAC.o
 .debug_aranges
                0x00000028       0xa0 ..\obj\stm32f4xx_dac.o
 .debug_aranges
                0x000000c8       0x28 ..\obj\startup_stm32f4xx.o
 .debug_aranges
                0x000000f0       0x20 ..\obj\main.o
 .debug_aranges
                0x00000110      0x178 ..\obj\stm32f4xx_rcc.o
 .debug_aranges
                0x00000288       0x28 ..\obj\ADC.o
 .debug_aranges
                0x000002b0      0x148 ..\obj\stm32f4xx_adc.o
 .debug_aranges
                0x000003f8       0x88 ..\obj\stm32f4xx_gpio.o
 .debug_aranges
                0x00000480       0x30 ..\obj\system_stm32f4xx.o
 .debug_aranges
                0x000004b0       0xb0 ..\obj\stm32f4xx_dma.o
 .debug_aranges
                0x00000560      0x2f8 ..\obj\stm32f4xx_tim.o

.debug_ranges   0x00000000      0x7a8
 .debug_ranges  0x00000000       0x18 ..\obj\DAC.o
 .debug_ranges  0x00000018       0x90 ..\obj\stm32f4xx_dac.o
 .debug_ranges  0x000000a8       0x18 ..\obj\startup_stm32f4xx.o
 .debug_ranges  0x000000c0       0x10 ..\obj\main.o
 .debug_ranges  0x000000d0      0x168 ..\obj\stm32f4xx_rcc.o
 .debug_ranges  0x00000238       0x18 ..\obj\ADC.o
 .debug_ranges  0x00000250      0x138 ..\obj\stm32f4xx_adc.o
 .debug_ranges  0x00000388       0x78 ..\obj\stm32f4xx_gpio.o
 .debug_ranges  0x00000400       0x20 ..\obj\system_stm32f4xx.o
 .debug_ranges  0x00000420       0xa0 ..\obj\stm32f4xx_dma.o
 .debug_ranges  0x000004c0      0x2e8 ..\obj\stm32f4xx_tim.o

.debug_line     0x00000000     0x2b64
 .debug_line    0x00000000      0x286 ..\obj\DAC.o
 .debug_line    0x00000286      0x38f ..\obj\stm32f4xx_dac.o
 .debug_line    0x00000615       0xa9 ..\obj\startup_stm32f4xx.o
 .debug_line    0x000006be      0x188 ..\obj\main.o
 .debug_line    0x00000846      0x5e2 ..\obj\stm32f4xx_rcc.o
 .debug_line    0x00000e28      0x291 ..\obj\ADC.o
 .debug_line    0x000010b9      0x59a ..\obj\stm32f4xx_adc.o
 .debug_line    0x00001653      0x39d ..\obj\stm32f4xx_gpio.o
 .debug_line    0x000019f0      0x20f ..\obj\system_stm32f4xx.o
 .debug_line    0x00001bff      0x467 ..\obj\stm32f4xx_dma.o
 .debug_line    0x00002066      0xafe ..\obj\stm32f4xx_tim.o

.debug_str      0x00000000     0x266c
 .debug_str     0x00000000      0x668 ..\obj\DAC.o
                                0x6be (size before relaxing)
 .debug_str     0x00000668      0x202 ..\obj\stm32f4xx_dac.o
                                0x45b (size before relaxing)
 .debug_str     0x0000086a       0xb8 ..\obj\startup_stm32f4xx.o
                                0x14f (size before relaxing)
 .debug_str     0x00000922       0x6c ..\obj\main.o
                                0x1bf (size before relaxing)
 .debug_str     0x0000098e      0x644 ..\obj\stm32f4xx_rcc.o
                                0x858 (size before relaxing)
 .debug_str     0x00000fd2      0x1e9 ..\obj\ADC.o
                                0x777 (size before relaxing)
 .debug_str     0x000011bb      0x4e9 ..\obj\stm32f4xx_adc.o
                                0x80c (size before relaxing)
 .debug_str     0x000016a4      0x1ab ..\obj\stm32f4xx_gpio.o
                                0x4ab (size before relaxing)
 .debug_str     0x0000184f      0x120 ..\obj\system_stm32f4xx.o
                                0x3b2 (size before relaxing)
 .debug_str     0x0000196f      0x26f ..\obj\stm32f4xx_dma.o
                                0x54a (size before relaxing)
 .debug_str     0x00001bde      0xa8e ..\obj\stm32f4xx_tim.o
                                0xdd8 (size before relaxing)

.comment        0x00000000       0x6e
 .comment       0x00000000       0x6e ..\obj\DAC.o
                                 0x6f (size before relaxing)
 .comment       0x0000006e       0x6f ..\obj\stm32f4xx_dac.o
 .comment       0x0000006e       0x6f ..\obj\startup_stm32f4xx.o
 .comment       0x0000006e       0x6f ..\obj\main.o
 .comment       0x0000006e       0x6f ..\obj\stm32f4xx_rcc.o
 .comment       0x0000006e       0x6f ..\obj\ADC.o
 .comment       0x0000006e       0x6f ..\obj\stm32f4xx_adc.o
 .comment       0x0000006e       0x6f ..\obj\stm32f4xx_gpio.o
 .comment       0x0000006e       0x6f ..\obj\system_stm32f4xx.o
 .comment       0x0000006e       0x6f ..\obj\stm32f4xx_dma.o
 .comment       0x0000006e       0x6f ..\obj\stm32f4xx_tim.o

.ARM.attributes
                0x00000000       0x33
 .ARM.attributes
                0x00000000       0x33 ..\obj\DAC.o
 .ARM.attributes
                0x00000033       0x33 ..\obj\stm32f4xx_dac.o
 .ARM.attributes
                0x00000066       0x33 ..\obj\startup_stm32f4xx.o
 .ARM.attributes
                0x00000099       0x33 ..\obj\main.o
 .ARM.attributes
                0x000000cc       0x33 ..\obj\stm32f4xx_rcc.o
 .ARM.attributes
                0x000000ff       0x33 ..\obj\ADC.o
 .ARM.attributes
                0x00000132       0x33 ..\obj\stm32f4xx_adc.o
 .ARM.attributes
                0x00000165       0x33 ..\obj\stm32f4xx_gpio.o
 .ARM.attributes
                0x00000198       0x33 ..\obj\system_stm32f4xx.o
 .ARM.attributes
                0x000001cb       0x33 ..\obj\stm32f4xx_dma.o
 .ARM.attributes
                0x000001fe       0x33 ..\obj\stm32f4xx_tim.o

.debug_frame    0x00000000     0x24a8
 .debug_frame   0x00000000       0x58 ..\obj\DAC.o
 .debug_frame   0x00000058      0x2ac ..\obj\stm32f4xx_dac.o
 .debug_frame   0x00000304       0x4c ..\obj\startup_stm32f4xx.o
 .debug_frame   0x00000350       0x2c ..\obj\main.o
 .debug_frame   0x0000037c      0x6d4 ..\obj\stm32f4xx_rcc.o
 .debug_frame   0x00000a50       0x58 ..\obj\ADC.o
 .debug_frame   0x00000aa8      0x5ec ..\obj\stm32f4xx_adc.o
 .debug_frame   0x00001094      0x23c ..\obj\stm32f4xx_gpio.o
 .debug_frame   0x000012d0       0x7c ..\obj\system_stm32f4xx.o
 .debug_frame   0x0000134c      0x308 ..\obj\stm32f4xx_dma.o
 .debug_frame   0x00001654      0xe54 ..\obj\stm32f4xx_tim.o
